
> application@0.1.0 build
> next build

▲ Next.js 16.1.6 (Turbopack)

  Creating an optimized production build ...
✓ Compiled successfully in 3.5s
  Running TypeScript ...
node.exe : Failed to compile.
En línea: 1 Carácter: 1
+ & "C:\Program 
Files\nodejs/node.exe" 
"C:\Program 
Files\nodejs/node_mo ...
+ ~~~~~~~~~~~~~~~~~~~~~~~~~~~~
~~~~~~~~~~~~~~~~~~~~~~~~~~~~~~
~~~~~~~~~~~
    + CategoryInfo          : 
    NotSpecified: (Failed to  
   compile.:String) [], Rem   
 oteException
    + FullyQualifiedErrorId : 
    NativeCommandError
 

./src/app/dashboard/page.tsx:1
36:95
Type error: Argument of type 
'"dash.vault.empty.title"' is 
not assignable to parameter 
of type '"nav.home" | 
"nav.about" | "nav.trainings" 
| "nav.news" | 
"nav.certifications" | 
"nav.partners" | 
"nav.contact" | "nav.portal" 
| "nav.login" | 
"nav.afiliacion" | 
"nav.association" | ... 254 
more ... | 
"checkout.card.cvc"'.

[0m [90m 134 |[39m         
                            
[33m<[39m[33mspan[39m clas
sName[33m=[39m[32m"material
-icons-round text-5xl text-acc
ent/80"[39m[33m>[39mfolder_
open[33m<[39m[33m/[39m[33
mspan[39m[33m>[39m
 [90m 135 |[39m             
                        [33m<
[39m[33mdiv[39m[33m>[39m
[31m[1m>[22m[39m[90m 136 
|[39m                        
                 
[33m<[39m[33mp[39m classNa
me[33m=[39m[32m"text-sm 
text-text-muted font-medium"[
39m[33m>[39m{t([32m"dash.va
ult.empty.title"[39m)}[33m<
[39m[33m/[39m[33mp[39m[33
m>[39m
 [90m     |[39m             
                              
                              
                      
[31m[1m^[22m[39m
 [90m 137 |[39m             
                            
[33m<[39m[33mp[39m classNa
me[33m=[39m[32m"text-xs 
text-text-muted/70 max-w-sm 
mt-1"[39m[33m>[39m
 [90m 138 |[39m             
                              
  {t([32m"dash.vault.empty.de
sc"[39m)}
 [90m 139 |[39m             
                            [
33m<[39m[33m/[39m[33mp[39
m[33m>[39m[0m
Next.js build worker exited 
with code: 1 and signal: null
