src/components/layout/Benefits.tsx(79,29): error TS2322: Type '{ hidden: { opacity: number; y: number; }; visible: { opacity: number; y: number; transition: { type: string; stiffness: number; damping: number; }; }; }' is not assignable to type 'Variants'.
  Property 'visible' is incompatible with index signature.
    Type '{ opacity: number; y: number; transition: { type: string; stiffness: number; damping: number; }; }' is not assignable to type 'Variant'.
      Type '{ opacity: number; y: number; transition: { type: string; stiffness: number; damping: number; }; }' is not assignable to type 'TargetAndTransition'.
        Type '{ opacity: number; y: number; transition: { type: string; stiffness: number; damping: number; }; }' is not assignable to type '{ transition?: Transition<any> | undefined; transitionEnd?: ResolvedValues$1 | undefined; }'.
          Types of property 'transition' are incompatible.
            Type '{ type: string; stiffness: number; damping: number; }' is not assignable to type 'Transition<any> | undefined'.
              Type '{ type: string; stiffness: number; damping: number; }' is not assignable to type 'TransitionWithValueOverrides<any>'.
                Type '{ type: string; stiffness: number; damping: number; }' is not assignable to type 'ValueAnimationTransition<any>'.
                  Types of property 'type' are incompatible.
                    Type 'string' is not assignable to type 'AnimationGeneratorType | undefined'.
src/components/layout/FunctionalStructure.tsx(110,44): error TS2345: Argument of type 'string' is not assignable to parameter of type '"nav.home" | "nav.about" | "nav.trainings" | "nav.news" | "nav.certifications" | "nav.partners" | "nav.contact" | "nav.portal" | "nav.login" | "home.badge" | "home.title1" | ... 338 more ... | "about.goals.10"'.
src/components/layout/FunctionalStructure.tsx(114,44): error TS2345: Argument of type 'string' is not assignable to parameter of type '"nav.home" | "nav.about" | "nav.trainings" | "nav.news" | "nav.certifications" | "nav.partners" | "nav.contact" | "nav.portal" | "nav.login" | "home.badge" | "home.title1" | ... 338 more ... | "about.goals.10"'.
src/components/layout/FunctionalStructure.tsx(121,102): error TS2345: Argument of type 'string' is not assignable to parameter of type '"nav.home" | "nav.about" | "nav.trainings" | "nav.news" | "nav.certifications" | "nav.partners" | "nav.contact" | "nav.portal" | "nav.login" | "home.badge" | "home.title1" | ... 338 more ... | "about.goals.10"'.
src/components/layout/FunctionalStructure.tsx(150,117): error TS2345: Argument of type 'string' is not assignable to parameter of type '"nav.home" | "nav.about" | "nav.trainings" | "nav.news" | "nav.certifications" | "nav.partners" | "nav.contact" | "nav.portal" | "nav.login" | "home.badge" | "home.title1" | ... 338 more ... | "about.goals.10"'.
src/components/layout/FunctionalStructure.tsx(152,40): error TS2345: Argument of type 'string' is not assignable to parameter of type '"nav.home" | "nav.about" | "nav.trainings" | "nav.news" | "nav.certifications" | "nav.partners" | "nav.contact" | "nav.portal" | "nav.login" | "home.badge" | "home.title1" | ... 338 more ... | "about.goals.10"'.
src/components/layout/WebinarTimeline.tsx(82,33): error TS2322: Type '{ hidden: { opacity: number; y: number; scale: number; }; visible: { opacity: number; y: number; scale: number; transition: { type: string; stiffness: number; damping: number; }; }; }' is not assignable to type 'Variants'.
  Property 'visible' is incompatible with index signature.
    Type '{ opacity: number; y: number; scale: number; transition: { type: string; stiffness: number; damping: number; }; }' is not assignable to type 'Variant'.
      Type '{ opacity: number; y: number; scale: number; transition: { type: string; stiffness: number; damping: number; }; }' is not assignable to type 'TargetAndTransition'.
        Type '{ opacity: number; y: number; scale: number; transition: { type: string; stiffness: number; damping: number; }; }' is not assignable to type '{ transition?: Transition<any> | undefined; transitionEnd?: ResolvedValues$1 | undefined; }'.
          Types of property 'transition' are incompatible.
            Type '{ type: string; stiffness: number; damping: number; }' is not assignable to type 'Transition<any> | undefined'.
              Type '{ type: string; stiffness: number; damping: number; }' is not assignable to type 'TransitionWithValueOverrides<any>'.
                Type '{ type: string; stiffness: number; damping: number; }' is not assignable to type 'ValueAnimationTransition<any>'.
                  Types of property 'type' are incompatible.
                    Type 'string' is not assignable to type 'AnimationGeneratorType | undefined'.
src/i18n/translations.ts(768,9): error TS1117: An object literal cannot have multiple properties with the same name.
src/i18n/translations.ts(769,9): error TS1117: An object literal cannot have multiple properties with the same name.
src/i18n/translations.ts(770,9): error TS1117: An object literal cannot have multiple properties with the same name.
src/i18n/translations.ts(771,9): error TS1117: An object literal cannot have multiple properties with the same name.
src/i18n/translations.ts(772,9): error TS1117: An object literal cannot have multiple properties with the same name.
src/i18n/translations.ts(773,9): error TS1117: An object literal cannot have multiple properties with the same name.
src/i18n/translations.ts(774,9): error TS1117: An object literal cannot have multiple properties with the same name.
src/i18n/translations.ts(775,9): error TS1117: An object literal cannot have multiple properties with the same name.
src/i18n/translations.ts(776,9): error TS1117: An object literal cannot have multiple properties with the same name.
src/i18n/translations.ts(777,9): error TS1117: An object literal cannot have multiple properties with the same name.
src/i18n/translations.ts(780,9): error TS1117: An object literal cannot have multiple properties with the same name.
src/i18n/translations.ts(781,9): error TS1117: An object literal cannot have multiple properties with the same name.
src/i18n/translations.ts(782,9): error TS1117: An object literal cannot have multiple properties with the same name.
src/i18n/translations.ts(783,9): error TS1117: An object literal cannot have multiple properties with the same name.
src/i18n/translations.ts(784,9): error TS1117: An object literal cannot have multiple properties with the same name.
src/i18n/translations.ts(785,9): error TS1117: An object literal cannot have multiple properties with the same name.
src/i18n/translations.ts(786,9): error TS1117: An object literal cannot have multiple properties with the same name.
src/i18n/translations.ts(787,9): error TS1117: An object literal cannot have multiple properties with the same name.
src/i18n/translations.ts(788,9): error TS1117: An object literal cannot have multiple properties with the same name.
src/i18n/translations.ts(789,9): error TS1117: An object literal cannot have multiple properties with the same name.
src/i18n/translations.ts(790,9): error TS1117: An object literal cannot have multiple properties with the same name.
src/i18n/translations.ts(791,9): error TS1117: An object literal cannot have multiple properties with the same name.
src/i18n/translations.ts(792,9): error TS1117: An object literal cannot have multiple properties with the same name.
src/i18n/translations.ts(795,9): error TS1117: An object literal cannot have multiple properties with the same name.
src/i18n/translations.ts(796,9): error TS1117: An object literal cannot have multiple properties with the same name.
src/i18n/translations.ts(797,9): error TS1117: An object literal cannot have multiple properties with the same name.
src/i18n/translations.ts(798,9): error TS1117: An object literal cannot have multiple properties with the same name.
src/i18n/translations.ts(799,9): error TS1117: An object literal cannot have multiple properties with the same name.
src/i18n/translations.ts(800,9): error TS1117: An object literal cannot have multiple properties with the same name.
src/i18n/translations.ts(801,9): error TS1117: An object literal cannot have multiple properties with the same name.
src/i18n/translations.ts(802,9): error TS1117: An object literal cannot have multiple properties with the same name.
src/i18n/translations.ts(803,9): error TS1117: An object literal cannot have multiple properties with the same name.
